C:\Users\Administrator\Desktop\last stable\new-valley-hub\backend\tourism\views.py:87: FutureWarning: 

All support for the `google.generativeai` package has ended. It will no longer be receiving 
updates or bug fixes. Please switch to the `google.genai` package as soon as possible.
See README for more details:

https://github.com/google-gemini/deprecated-generative-ai-python/blob/main/README.md

  import google.generativeai as genai
Performing system checks...

System check identified no issues (0 silenced).

You have 1 unapplied migration(s). Your project may not work properly until you apply the migrations for app(s): tourism.
Run 'python manage.py migrate' to apply them.
Traceback (most recent call last):
  File "C:\Users\Administrator\Desktop\last stable\new-valley-hub\backend\venv\Lib\site-packages\django\core\servers\basehttp.py", line 48, in get_internal_wsgi_application
    return import_string(app_path)
  File "C:\Users\Administrator\Desktop\last stable\new-valley-hub\backend\venv\Lib\site-packages\django\utils\module_loading.py", line 30, in import_string
    return cached_import(module_path, class_name)
  File "C:\Users\Administrator\Desktop\last stable\new-valley-hub\backend\venv\Lib\site-packages\django\utils\module_loading.py", line 15, in cached_import
    module = import_module(module_path)
  File "C:\Users\Administrator\AppData\Local\Python\pythoncore-3.14-64\Lib\importlib\__init__.py", line 88, in import_module
    return _bootstrap._gcd_import(name[level:], package, level)
           ~~~~~~~~~~~~~~~~~~~~~~^^^^^^^^^^^^^^^^^^^^^^^^^^^^^^
  File "<frozen importlib._bootstrap>", line 1398, in _gcd_import
  File "<frozen importlib._bootstrap>", line 1371, in _find_and_load
  File "<frozen importlib._bootstrap>", line 1342, in _find_and_load_unlocked
  File "<frozen importlib._bootstrap>", line 938, in _load_unlocked
  File "<frozen importlib._bootstrap_external>", line 759, in exec_module
  File "<frozen importlib._bootstrap>", line 491, in _call_with_frames_removed
  File "C:\Users\Administrator\Desktop\last stable\new-valley-hub\backend\new_valley_hub\wsgi.py", line 16, in <module>
    application = get_wsgi_application()
  File "C:\Users\Administrator\Desktop\last stable\new-valley-hub\backend\venv\Lib\site-packages\django\core\wsgi.py", line 13, in get_wsgi_application
    return WSGIHandler()
  File "C:\Users\Administrator\Desktop\last stable\new-valley-hub\backend\venv\Lib\site-packages\django\core\handlers\wsgi.py", line 118, in __init__
    self.load_middleware()
    ~~~~~~~~~~~~~~~~~~~~^^
  File "C:\Users\Administrator\Desktop\last stable\new-valley-hub\backend\venv\Lib\site-packages\django\core\handlers\base.py", line 40, in load_middleware
    middleware = import_string(middleware_path)
  File "C:\Users\Administrator\Desktop\last stable\new-valley-hub\backend\venv\Lib\site-packages\django\utils\module_loading.py", line 30, in import_string
    return cached_import(module_path, class_name)
  File "C:\Users\Administrator\Desktop\last stable\new-valley-hub\backend\venv\Lib\site-packages\django\utils\module_loading.py", line 15, in cached_import
    module = import_module(module_path)
  File "C:\Users\Administrator\AppData\Local\Python\pythoncore-3.14-64\Lib\importlib\__init__.py", line 88, in import_module
    return _bootstrap._gcd_import(name[level:], package, level)
           ~~~~~~~~~~~~~~~~~~~~~~^^^^^^^^^^^^^^^^^^^^^^^^^^^^^^
  File "<frozen importlib._bootstrap>", line 1398, in _gcd_import
  File "<frozen importlib._bootstrap>", line 1371, in _find_and_load
  File "<frozen importlib._bootstrap>", line 1314, in _find_and_load_unlocked
  File "<frozen importlib._bootstrap>", line 491, in _call_with_frames_removed
  File "<frozen importlib._bootstrap>", line 1398, in _gcd_import
  File "<frozen importlib._bootstrap>", line 1371, in _find_and_load
  File "<frozen importlib._bootstrap>", line 1335, in _find_and_load_unlocked
ModuleNotFoundError: No module named 'whitenoise'

The above exception was the direct cause of the following exception:

Traceback (most recent call last):
  File "C:\Users\Administrator\Desktop\last stable\new-valley-hub\backend\manage.py", line 28, in <module>
    main()
    ~~~~^^
  File "C:\Users\Administrator\Desktop\last stable\new-valley-hub\backend\manage.py", line 24, in main
    execute_from_command_line(sys.argv)
    ~~~~~~~~~~~~~~~~~~~~~~~~~^^^^^^^^^^
  File "C:\Users\Administrator\Desktop\last stable\new-valley-hub\backend\venv\Lib\site-packages\django\core\management\__init__.py", line 442, in execute_from_command_line
    utility.execute()
    ~~~~~~~~~~~~~~~^^
  File "C:\Users\Administrator\Desktop\last stable\new-valley-hub\backend\venv\Lib\site-packages\django\core\management\__init__.py", line 436, in execute
    self.fetch_command(subcommand).run_from_argv(self.argv)
    ~~~~~~~~~~~~~~~~~~~~~~~~~~~~~~~~~~~~~~~~~~~~^^^^^^^^^^^
  File "C:\Users\Administrator\Desktop\last stable\new-valley-hub\backend\venv\Lib\site-packages\django\core\management\base.py", line 420, in run_from_argv
    self.execute(*args, **cmd_options)
    ~~~~~~~~~~~~^^^^^^^^^^^^^^^^^^^^^^
  File "C:\Users\Administrator\Desktop\last stable\new-valley-hub\backend\venv\Lib\site-packages\django\core\management\commands\runserver.py", line 69, in execute
    super().execute(*args, **options)
    ~~~~~~~~~~~~~~~^^^^^^^^^^^^^^^^^^
  File "C:\Users\Administrator\Desktop\last stable\new-valley-hub\backend\venv\Lib\site-packages\django\core\management\base.py", line 464, in execute
    output = self.handle(*args, **options)
  File "C:\Users\Administrator\Desktop\last stable\new-valley-hub\backend\venv\Lib\site-packages\django\core\management\commands\runserver.py", line 110, in handle
    self.run(**options)
    ~~~~~~~~^^^^^^^^^^^
  File "C:\Users\Administrator\Desktop\last stable\new-valley-hub\backend\venv\Lib\site-packages\django\core\management\commands\runserver.py", line 119, in run
    self.inner_run(None, **options)
    ~~~~~~~~~~~~~~^^^^^^^^^^^^^^^^^
  File "C:\Users\Administrator\Desktop\last stable\new-valley-hub\backend\venv\Lib\site-packages\django\core\management\commands\runserver.py", line 143, in inner_run
    handler = self.get_handler(*args, **options)
  File "C:\Users\Administrator\Desktop\last stable\new-valley-hub\backend\venv\Lib\site-packages\django\contrib\staticfiles\management\commands\runserver.py", line 31, in get_handler
    handler = super().get_handler(*args, **options)
  File "C:\Users\Administrator\Desktop\last stable\new-valley-hub\backend\venv\Lib\site-packages\django\core\management\commands\runserver.py", line 73, in get_handler
    return get_internal_wsgi_application()
  File "C:\Users\Administrator\Desktop\last stable\new-valley-hub\backend\venv\Lib\site-packages\django\core\servers\basehttp.py", line 50, in get_internal_wsgi_application
    raise ImproperlyConfigured(
    ...<2 lines>...
    ) from err
django.core.exceptions.ImproperlyConfigured: WSGI application 'new_valley_hub.wsgi.application' could not be loaded; Error importing module.
